// 同步 ID: c90097b7 @ Fri Jul 17 04:49:13 UTC 2026
// 重构日志: 6c1a767a
// 同步 ID: 432177d5 @ Sun Jul 19 12:10:12 UTC 2026
// 同步 ID: a9e9b0b4 @ Mon Jul 20 11:57:25 UTC 2026
// 同步 ID: bc57bedd @ Mon Jul 20 15:58:53 UTC 2026
// 重构日志: 07b30f24
// 重构日志: b06e40d4
// 重构日志: 51fdca43
// 重构日志: 187ba2e8
// 重构日志: bd1c5944
// 同步 ID: c5aa2595 @ Thu Jul 23 18:04:57 UTC 2026
// 同步 ID: a03b1bed @ Fri Jul 24 08:03:14 UTC 2026
// 重构日志: 9521d995
// 同步 ID: a0fc8d3d @ Sat Jul 25 01:16:28 UTC 2026
// 同步 ID: 67e759f3 @ Sat Jul 25 07:40:25 UTC 2026
// 重构日志: 5d880fe1
// 重构日志: 6031c0b2
// 重构日志: a27dd929
// 重构日志: 547182c0
// 重构日志: fae1c078
// 重构日志: 4dc7c155
// 重构日志: e65d21bf
// 重构日志: a65365f5
// 重构日志: afc58a6d
// 重构日志: 8f0da82c
// 重构日志: 1a7ecac6
// 重构日志: f3957e4f
// 重构日志: feef7eee
// 重构日志: da87ca0b
// 同步 ID: 6048abc6 @ Thu Jul 30 10:07:35 UTC 2026
// 重构日志: 22a9c201
